
> @thib3113/boks-sdk@1.0.0 test /app
> vitest run


 RUN  v3.2.4 /app

 ✓ tests/utils/battery.test.ts (13 tests) 11ms
 ✓ tests/protocol/uplink/ErrorBadRequestPacket.test.ts (1 test) 3ms
 ✓ tests/protocol/uplink/NotifyNfcTagRegisteredPacket.test.ts (1 test) 3ms
 ✓ tests/pin.test.ts (3 tests) 8ms
 ✓ tests/client/BoksClientConstructor.test.ts (3 tests) 13ms
 ✓ tests/protocol/uplink/AnswerDoorStatusPacket.test.ts (2 tests) 4ms
 ✓ tests/client/BoksController.test.ts (31 tests) 75ms
 ✓ tests/protocol/downlink/ReactivateCodePacket.test.ts (2 tests) 6ms
 ✓ tests/protocol/uplink/NotifyNfcTagFoundPacket.test.ts (1 test) 4ms
 ✓ tests/protocol/downlink/SingleToMultiCodePacket.test.ts (2 tests) 6ms
 ✓ tests/protocol/downlink/DeleteMultiUseCodePacket.test.ts (2 tests) 7ms
 ✓ tests/protocol/downlink/MultiToSingleCodePacket.test.ts (2 tests) 5ms
 ✓ tests/protocol/downlink/CreateSingleUseCodePacket.test.ts (2 tests) 5ms
 ✓ tests/protocol/uplink/history/BlockResetHistoryPacket.test.ts (1 test) 5ms
 ✓ tests/protocol/downlink/DeleteSingleUseCodePacket.test.ts (2 tests) 5ms
 ✓ tests/protocol/downlink/OpenDoorPacket.test.ts (2 tests) 6ms
 ✓ tests/protocol/downlink/CreateMultiUseCodePacket.test.ts (2 tests) 5ms
 ✓ tests/protocol/downlink/CreateMasterCodePacket.test.ts (2 tests) 5ms
 ✓ tests/protocol/downlink/MasterCodeEditPacket.test.ts (2 tests) 5ms
 ✓ tests/protocol/scale/NotifyScaleBondingProgressPacket.test.ts (1 test) 7ms
 ✓ tests/protocol/uplink/history/NfcOpeningHistoryPacket.test.ts (1 test) 4ms
 ✓ tests/protocol/uplink/NotifyDoorStatusPacket.test.ts (2 tests) 4ms
 ✓ tests/protocol/uplink/history/CodeBleValidHistoryPacket.test.ts (1 test) 8ms
 ✓ tests/protocol/downlink/RegeneratePartAPacket.test.ts (1 test) 5ms
 ✓ tests/protocol/downlink/UnregisterNfcTagPacket.test.ts (1 test) 4ms
 ✓ tests/protocol/uplink/NotifyCodeGenerationErrorPacket.test.ts (1 test) 3ms
 ✓ tests/protocol/scale/ScaleGetMacPacket.test.ts (1 test) 3ms
 ✓ tests/protocol/uplink/history/DoorCloseHistoryPacket.test.ts (1 test) 4ms
 ✓ tests/protocol/uplink/history/CodeKeyInvalidHistoryPacket.test.ts (1 test) 4ms
 ✓ tests/protocol/scale/NotifyScaleFaultyPacket.test.ts (1 test) 3ms
 ✓ tests/protocol/downlink/DeleteMasterCodePacket.test.ts (1 test) 4ms
 ✓ tests/protocol/uplink/history/PowerOnHistoryPacket.test.ts (1 test) 3ms
 ✓ tests/protocol/uplink/history/ErrorHistoryPacket.test.ts (1 test) 4ms
 ✓ tests/protocol/uplink/history/PowerOffHistoryPacket.test.ts (1 test) 4ms
 ✓ tests/protocol/downlink/NfcRegisterPacket.test.ts (1 test) 4ms
 ✓ tests/protocol/uplink/history/DoorOpenHistoryPacket.test.ts (1 test) 4ms
 ✓ tests/protocol/uplink/history/CodeKeyValidHistoryPacket.test.ts (1 test) 4ms
 ✓ tests/protocol/uplink/history/NfcRegisteringHistoryPacket.test.ts (1 test) 4ms
 ✓ tests/protocol/uplink/NotifyCodesCountPacket.test.ts (1 test) 4ms
 ✓ tests/protocol/uplink/history/CodeBleInvalidHistoryPacket.test.ts (1 test) 4ms
 ✓ tests/protocol/scale/NotifyScaleMeasureWeightPacket.test.ts (1 test) 4ms
 ✓ tests/protocol/downlink/RegeneratePartBPacket.test.ts (1 test) 3ms
 ✓ tests/protocol/scale/NotifyScaleBondingErrorPacket.test.ts (1 test) 3ms
 ✓ tests/protocol/uplink/NotifyNfcTagRegisteredErrorAlreadyExistsPacket.test.ts (1 test) 3ms
 ✓ tests/protocol/uplink/history/ScaleMeasureHistoryPacket.test.ts (1 test) 3ms
 ✓ tests/protocol/uplink/ErrorNfcScanTimeoutPacket.test.ts (1 test) 3ms
 ✓ tests/protocol/scale/ScaleMeasureWeightPacket.test.ts (1 test) 4ms
 ✓ tests/protocol/downlink/RebootPacket.test.ts (1 test) 3ms
 ✓ tests/protocol/uplink/history/KeyOpeningHistoryPacket.test.ts (1 test) 4ms
 ✓ tests/protocol/downlink/CountCodesPacket.test.ts (1 test) 4ms
 ✓ tests/protocol/downlink/GenerateCodesSupportPacket.test.ts (1 test) 7ms
 ✓ tests/protocol/uplink/history/BleRebootHistoryPacket.test.ts (1 test) 3ms
 ✓ tests/protocol/scale/ScaleTareLoadedPacket.test.ts (1 test) 3ms
 ✓ tests/protocol/downlink/RegisterNfcTagScanStartPacket.test.ts (1 test) 4ms
 ✓ tests/protocol/scale/ScaleReconnectPacket.test.ts (1 test) 4ms
 ✓ tests/protocol/downlink/RequestLogsPacket.test.ts (1 test) 4ms
 ✓ tests/protocol/uplink/NotifyCodeGenerationProgressPacket.test.ts (1 test) 3ms
 ✓ tests/protocol/downlink/GetLogsCountPacket.test.ts (1 test) 4ms
 ✓ tests/protocol/scale/ScaleForgetPacket.test.ts (1 test) 6ms
 ✓ tests/protocol/downlink/SetConfigurationPacket.test.ts (1 test) 5ms
 ✓ tests/protocol/uplink/ErrorNfcTagAlreadyExistsScanPacket.test.ts (1 test) 5ms
 ✓ tests/protocol/downlink/GenerateCodesPacket.test.ts (1 test) 4ms
 ✓ tests/protocol/scale/ScaleGetRawSensorsPacket.test.ts (1 test) 4ms
 ✓ tests/protocol/uplink/InvalidOpenCodePacket.test.ts (1 test) 3ms
 ✓ tests/protocol/scale/NotifyMacAddressBoksScalePacket.test.ts (1 test) 4ms
 ✓ tests/protocol/uplink/NotifyLogsCountPacket.test.ts (1 test) 3ms
 ✓ tests/protocol/downlink/TestBatteryPacket.test.ts (1 test) 4ms
 ✓ tests/protocol/scale/ScaleBondPacket.test.ts (1 test) 3ms
 ✓ tests/protocol/uplink/NotifySetConfigurationSuccessPacket.test.ts (1 test) 3ms
 ✓ tests/protocol/scale/ScaleTareEmptyPacket.test.ts (1 test) 4ms
 ✓ tests/protocol/uplink/ErrorUnauthorizedPacket.test.ts (1 test) 8ms
 ✓ tests/protocol/uplink/OperationSuccessPacket.test.ts (1 test) 4ms
 ✓ tests/protocol/uplink/ErrorCrcPacket.test.ts (1 test) 3ms
 ✓ tests/protocol/scale/NotifyScaleRawSensorsPacket.test.ts (1 test) 3ms
 ✓ tests/protocol/downlink/AskDoorStatusPacket.test.ts (1 test) 4ms
 ✓ tests/protocol/uplink/ValidOpenCodePacket.test.ts (1 test) 3ms
 ✓ tests/protocol/scale/NotifyScaleDisconnectedPacket.test.ts (1 test) 3ms
 ✓ tests/protocol/scale/NotifyScaleBondingSuccessPacket.test.ts (1 test) 3ms
 ✓ tests/protocol/uplink/history/HistoryEraseHistoryPacket.test.ts (1 test) 3ms
 ✓ tests/protocol/scale/NotifyScaleBondingForgetSuccessPacket.test.ts (1 test) 3ms
 ✓ tests/protocol/uplink/OperationErrorPacket.test.ts (1 test) 3ms
 ✓ tests/protocol/scale/NotifyScaleTareEmptyOkPacket.test.ts (1 test) 3ms
 ✓ tests/protocol/scale/ScalePrepareDfuPacket.test.ts (1 test) 3ms
 ✓ tests/protocol/scale/NotifyScaleTareLoadedOkPacket.test.ts (1 test) 3ms
 ✓ tests/protocol/uplink/NotifyCodeGenerationSuccessPacket.test.ts (1 test) 4ms
 ✓ tests/protocol/uplink/EndHistoryPacket.test.ts (1 test) 4ms
 ✓ tests/protocol/uplink/NotifyNfcTagUnregisteredPacket.test.ts (1 test) 4ms

 Test Files  87 passed (87)
      Tests  145 passed (145)
   Start at  15:37:53
   Duration  11.71s (transform 1.93s, setup 0ms, collect 5.28s, tests 448ms, environment 29ms, prepare 11.01s)
